╔══════════════════════════════════════════════════════════════╗
║                                                              ║
║           OpenClaw 定时任务执行监控                          ║
║                                                              ║
╚══════════════════════════════════════════════════════════════╝
[INFO] 08:00:01 任务名称: daily-ai-news-8am
[INFO] 08:00:01 执行脚本: /root/.openclaw/workspace/scripts/daily-ai-news-8am.sh
[INFO] 08:00:01 开始时间: 2026-03-18 08:00:01
[INFO] 08:00:01 日志文件: /root/.openclaw/workspace/logs/daily-ai-news-8am-20260318-080001.log

[STEP 1/5] 08:00:01 ▶ 检查任务脚本...
[SUCCESS] 08:00:01 ✅ 脚本检查通过

[STEP 2/5] 08:00:01 ▶ 检查依赖环境...
[SUCCESS] 08:00:01 ✅ 依赖检查通过

[STEP 3/5] 08:00:01 ▶ 预执行检查...
[INFO] 08:00:01 磁盘使用率: 34%
[SUCCESS] 08:00:01 ✅ 预检查完成

[STEP 4/5] 08:00:01 ▶ 执行任务脚本...
═══════════════════════════════════════════════════════════════

=== 每日AI动态洞察报告生成（早8点）===
日期: 2026年03月18日
时间: 08:00

【开始洞察24小时AI动态】

【步骤1/4】生成Markdown报告...

【步骤2/4】转换为PDF...

【步骤3/4】发送邮件通知...
【发送邮件通知】
  ! PDF文件不存在，无法发送邮件

═══════════════════════════════════════════════════════════════
[SUCCESS] 08:00:01 ✅ 任务执行完成

[STEP 5/5] 08:00:01 ▶ 执行后处理...
[SUCCESS] 08:00:01 ✅ 后处理完成

╔══════════════════════════════════════════════════════════════╗
║                     任务执行完成                              ║
╠══════════════════════════════════════════════════════════════╣
║  任务名称: daily-ai-news-8am
║  执行耗时: 0分0秒
║  结束时间: 2026-03-18 08:00:01
║  日志文件: /root/.openclaw/workspace/logs/daily-ai-news-8am-20260318-080001.log
╚══════════════════════════════════════════════════════════════╝
