╔══════════════════════════════════════════════════════════════╗
║                                                              ║
║           OpenClaw 定时任务执行监控                          ║
║                                                              ║
╚══════════════════════════════════════════════════════════════╝
[INFO] 06:00:01 任务名称: weekly-ai-insight-6am
[INFO] 06:00:01 执行脚本: /root/.openclaw/workspace/scripts/weekly-ai-insight.sh
[INFO] 06:00:01 开始时间: 2026-03-22 06:00:01
[INFO] 06:00:01 日志文件: /root/.openclaw/workspace/logs/weekly-ai-insight-6am-20260322-060001.log

[STEP 1/5] 06:00:01 ▶ 检查任务脚本...
[SUCCESS] 06:00:01 ✅ 脚本检查通过

[STEP 2/5] 06:00:01 ▶ 检查依赖环境...
[SUCCESS] 06:00:01 ✅ 依赖检查通过

[STEP 3/5] 06:00:01 ▶ 预执行检查...
[INFO] 06:00:01 磁盘使用率: 34%
[SUCCESS] 06:00:01 ✅ 预检查完成

[STEP 4/5] 06:00:01 ▶ 执行任务脚本...
═══════════════════════════════════════════════════════════════

=== 每周AI技术洞察报告生成 ===
报告周期: 2026-03-16 至 2026-03-22
生成日期: 2026年03月22日
执行时间: Sun Mar 22 06:00:01 AM CST 2026

【开始生成洞察报告】

【生成报告】字节跳动 (高优先级)
  🔍 搜索: 字节跳动 AI 模型 发布...

═══════════════════════════════════════════════════════════════
[SUCCESS] 06:00:05 ✅ 任务执行完成

[STEP 5/5] 06:00:05 ▶ 执行后处理...
[SUCCESS] 06:00:05 ✅ 后处理完成

╔══════════════════════════════════════════════════════════════╗
║                     任务执行完成                              ║
╠══════════════════════════════════════════════════════════════╣
║  任务名称: weekly-ai-insight-6am
║  执行耗时: 0分4秒
║  结束时间: 2026-03-22 06:00:05
║  日志文件: /root/.openclaw/workspace/logs/weekly-ai-insight-6am-20260322-060001.log
╚══════════════════════════════════════════════════════════════╝
